[0/6] Wire iroh | bridges=17 clients=6
[1/6] Generating identities…
Identity saved to /tmp/drift-corp-test/identities/edge1.key
Identity saved to /tmp/drift-corp-test/identities/edge2.key
Identity saved to /tmp/drift-corp-test/identities/dc1.key
Identity saved to /tmp/drift-corp-test/identities/dc2.key
Identity saved to /tmp/drift-corp-test/identities/dc3.key
Identity saved to /tmp/drift-corp-test/identities/hub-east.key
Identity saved to /tmp/drift-corp-test/identities/hub-central.key
Identity saved to /tmp/drift-corp-test/identities/hub-west.key
Identity saved to /tmp/drift-corp-test/identities/be1.key
Identity saved to /tmp/drift-corp-test/identities/be2.key
Identity saved to /tmp/drift-corp-test/identities/be3.key
Identity saved to /tmp/drift-corp-test/identities/bc1.key
Identity saved to /tmp/drift-corp-test/identities/bc2.key
Identity saved to /tmp/drift-corp-test/identities/bc3.key
Identity saved to /tmp/drift-corp-test/identities/bw1.key
Identity saved to /tmp/drift-corp-test/identities/bw2.key
Identity saved to /tmp/drift-corp-test/identities/bw3.key
Identity saved to /tmp/drift-corp-test/identities/s-edge1.key
Identity saved to /tmp/drift-corp-test/identities/s-edge2.key
Identity saved to /tmp/drift-corp-test/identities/s-dc1.key
Identity saved to /tmp/drift-corp-test/identities/s-dc2.key
Identity saved to /tmp/drift-corp-test/identities/s-dc3.key
Identity saved to /tmp/drift-corp-test/identities/s-hub-east.key
Identity saved to /tmp/drift-corp-test/identities/s-hub-central.key
Identity saved to /tmp/drift-corp-test/identities/s-hub-west.key
Identity saved to /tmp/drift-corp-test/identities/s-be1.key
Identity saved to /tmp/drift-corp-test/identities/s-be2.key
Identity saved to /tmp/drift-corp-test/identities/s-be3.key
Identity saved to /tmp/drift-corp-test/identities/s-bc1.key
Identity saved to /tmp/drift-corp-test/identities/s-bc2.key
Identity saved to /tmp/drift-corp-test/identities/s-bc3.key
Identity saved to /tmp/drift-corp-test/identities/s-bw1.key
Identity saved to /tmp/drift-corp-test/identities/s-bw2.key
Identity saved to /tmp/drift-corp-test/identities/s-bw3.key
Identity saved to /tmp/drift-corp-test/identities/c-be1.key
Identity saved to /tmp/drift-corp-test/identities/c-be3.key
Identity saved to /tmp/drift-corp-test/identities/c-bc1.key
Identity saved to /tmp/drift-corp-test/identities/c-bc3.key
Identity saved to /tmp/drift-corp-test/identities/c-bw1.key
Identity saved to /tmp/drift-corp-test/identities/c-bw3.key
[1b/6] Seeding iroh secret keys + probing endpoint ids…
[2/6] Spawning 17 bridges as native processes…
[3/6] Spawning 17 mosh servers…
[4/6] Waiting 30s for federation directory to converge…
[5/6] Computing hop-count matrix…
[6/6] Running 96 cross-bridge dials…
  PASS  c-be1   -> edge1        (3 hop)
  PASS  c-be1   -> edge2        (3 hop)
  PASS  c-be1   -> dc1          (2 hop)
  PASS  c-be1   -> dc2          (2 hop)
  PASS  c-be1   -> dc3          (3 hop)
  PASS  c-be1   -> hub-east     (1 hop)
  PASS  c-be1   -> hub-central  (3 hop)
  PASS  c-be1   -> hub-west     (3 hop)
  PASS  c-be1   -> be2          (2 hop)
  PASS  c-be1   -> be3          (2 hop)
  FAIL  c-be1   -> bc1          (4 hop)
  PASS  c-be1   -> bc2          (4 hop)
  PASS  c-be1   -> bc3          (4 hop)
  FAIL  c-be1   -> bw1          (4 hop)
  PASS  c-be1   -> bw2          (4 hop)
  PASS  c-be1   -> bw3          (4 hop)
  PASS  c-be3   -> edge1        (3 hop)
  PASS  c-be3   -> edge2        (3 hop)
  PASS  c-be3   -> dc1          (2 hop)
  PASS  c-be3   -> dc2          (2 hop)
  PASS  c-be3   -> dc3          (3 hop)
  PASS  c-be3   -> hub-east     (1 hop)
  PASS  c-be3   -> hub-central  (3 hop)
  PASS  c-be3   -> hub-west     (3 hop)
  PASS  c-be3   -> be1          (2 hop)
  PASS  c-be3   -> be2          (2 hop)
  FAIL  c-be3   -> bc1          (4 hop)
  FAIL  c-be3   -> bc2          (4 hop)
  PASS  c-be3   -> bc3          (4 hop)
  FAIL  c-be3   -> bw1          (4 hop)
  PASS  c-be3   -> bw2          (4 hop)
  PASS  c-be3   -> bw3          (4 hop)
  PASS  c-bc1   -> edge1        (3 hop)
  PASS  c-bc1   -> edge2        (3 hop)
  PASS  c-bc1   -> dc1          (3 hop)
  PASS  c-bc1   -> dc2          (2 hop)
  PASS  c-bc1   -> dc3          (2 hop)
  PASS  c-bc1   -> hub-east     (3 hop)
  PASS  c-bc1   -> hub-central  (1 hop)
  PASS  c-bc1   -> hub-west     (3 hop)
  PASS  c-bc1   -> be1          (4 hop)
  PASS  c-bc1   -> be2          (4 hop)
  FAIL  c-bc1   -> be3          (4 hop)
  FAIL  c-bc1   -> bc2          (2 hop)
  PASS  c-bc1   -> bc3          (2 hop)
  FAIL  c-bc1   -> bw1          (4 hop)
  PASS  c-bc1   -> bw2          (4 hop)
  PASS  c-bc1   -> bw3          (4 hop)
  PASS  c-bc3   -> edge1        (3 hop)
  PASS  c-bc3   -> edge2        (3 hop)
  PASS  c-bc3   -> dc1          (3 hop)
  PASS  c-bc3   -> dc2          (2 hop)
  PASS  c-bc3   -> dc3          (2 hop)
  PASS  c-bc3   -> hub-east     (3 hop)
  PASS  c-bc3   -> hub-central  (1 hop)
  PASS  c-bc3   -> hub-west     (3 hop)
  FAIL  c-bc3   -> be1          (4 hop)
  FAIL  c-bc3   -> be2          (4 hop)
  FAIL  c-bc3   -> be3          (4 hop)
  PASS  c-bc3   -> bc1          (2 hop)
  FAIL  c-bc3   -> bc2          (2 hop)
  FAIL  c-bc3   -> bw1          (4 hop)
  FAIL  c-bc3   -> bw2          (4 hop)
  PASS  c-bc3   -> bw3          (4 hop)
  PASS  c-bw1   -> edge1        (3 hop)
  PASS  c-bw1   -> edge2        (3 hop)
  PASS  c-bw1   -> dc1          (2 hop)
  PASS  c-bw1   -> dc2          (3 hop)
  PASS  c-bw1   -> dc3          (2 hop)
  PASS  c-bw1   -> hub-east     (3 hop)
  PASS  c-bw1   -> hub-central  (3 hop)
  PASS  c-bw1   -> hub-west     (1 hop)
  FAIL  c-bw1   -> be1          (4 hop)
  FAIL  c-bw1   -> be2          (4 hop)
  PASS  c-bw1   -> be3          (4 hop)
  PASS  c-bw1   -> bc1          (4 hop)
  FAIL  c-bw1   -> bc2          (4 hop)
  PASS  c-bw1   -> bc3          (4 hop)
  FAIL  c-bw1   -> bw2          (2 hop)
  PASS  c-bw1   -> bw3          (2 hop)
  PASS  c-bw3   -> edge1        (3 hop)
  PASS  c-bw3   -> edge2        (3 hop)
  PASS  c-bw3   -> dc1          (2 hop)
  PASS  c-bw3   -> dc2          (3 hop)
  PASS  c-bw3   -> dc3          (2 hop)
  PASS  c-bw3   -> hub-east     (3 hop)
  PASS  c-bw3   -> hub-central  (3 hop)
  PASS  c-bw3   -> hub-west     (1 hop)
  FAIL  c-bw3   -> be1          (4 hop)
  FAIL  c-bw3   -> be2          (4 hop)
  PASS  c-bw3   -> be3          (4 hop)
  FAIL  c-bw3   -> bc1          (4 hop)
  FAIL  c-bw3   -> bc2          (4 hop)
  PASS  c-bw3   -> bc3          (4 hop)
  FAIL  c-bw3   -> bw1          (2 hop)
  FAIL  c-bw3   -> bw2          (2 hop)

[done] 72 / 96 pass (24 fail) — wire=iroh
    1 hop:  6 /  6 pass
    2 hop: 19 / 24 pass
    3 hop: 30 / 30 pass
    4 hop: 17 / 36 pass

Tearing down processes…
