** WARNING: connection is not using a post-quantum key exchange algorithm.
** This session may be vulnerable to "store now, decrypt later" attacks.
** The server may need to be upgraded. See https://openssh.com/pq.html
ssh: 
Host '192.168.50.52' key accepted unconditionally.
(ssh-ed25519 fingerprint SHA256:LRinNRrJdX7z8udDTm3VSDZ4YMIB2Q+ahJ/HR4zjN6U)

[2m2026-05-29T17:18:06.247172Z[0m [32m INFO[0m [2mdrift::wire_iroh[0m[2m:[0m iroh listener bound — connect with iroh://2e60b147502c8759db3fd2bb78fecca853df402347743e8de78f65618cf19e59@<ip:port> [3mid[0m[2m=[0m2e60b147502c8759db3fd2bb78fecca853df402347743e8de78f65618cf19e59 [3msockets[0m[2m=[0m[0.0.0.0:51800, [::]:38773]
[2m2026-05-29T17:18:06.248618Z[0m [33m WARN[0m [2mdrift::transport[0m[2m:[0m recv_from failed; evicting interface [3merror[0m[2m=[0mchannel closed [3miface_idx[0m[2m=[0m0
[2m2026-05-29T17:18:06.248823Z[0m [33m WARN[0m [1mendpoint[0m[1m{[0m[3mid[0m[2m=[0md35841ee1c[1m}[0m[2m:[0m[1mRemoteStateActor[0m[1m{[0m[3mremote[0m[2m=[0mec2612ebf5[1m}[0m[2m:[0m [2miroh::socket::remote_map::remote_state[0m[2m:[0m Address Lookup failed: No address lookup configured
iroh listener bound — id=2e60b147502c8759db3fd2bb78fecca853df402347743e8de78f65618cf19e59 sockets=[0.0.0.0:51800, [::]:38773]

┌─ drift bridge ─────────────────────────────────────────
│ pubkey: a4210d1387ae2837fd5446925e4432d0c0c2eb9f6a095c83113f55b869b9257d
│ listen:
│   iroh://0.0.0.0:51800
│ accept_any_peer: true (any peer with the pubkey can connect)
│ federation peers:
│   iroh://ec2612ebf5191231000dfb821b173b54d9847c1d910c6a27a89d62a1f700a00c@192.168.50.168:51800@c9ec3be425857fc0b78f30c00b7076abf00934b3e645dd7e8bd957d4c52ad53b (c9ec3be425857fc0)
└───────────────────────────────────────────────────────

ready. share the pubkey above with anyone you want to bridge.
ctrl-c to stop.
[2m2026-05-29T17:18:06.452449Z[0m [34mDEBUG[0m [2mdrift::transport[0m[2m:[0m sent HELLO to 192.0.2.35:27979
[2m2026-05-29T17:18:06.453526Z[0m [34mDEBUG[0m [2mdrift::transport[0m[2m:[0m handshake complete with peer [217, 78, 79, 237, 244, 64, 83, 37]
[2m2026-05-29T17:18:06.453983Z[0m [34mDEBUG[0m [2mdrift::transport::resumption[0m[2m:[0m stored resumption ticket [3mserver[0m[2m=[0m[217, 78, 79, 237, 244, 64, 83, 37]
[2m2026-05-29T17:18:06.683556Z[0m [34mDEBUG[0m [2mdrift::transport::mesh[0m[2m:[0m learned routes from beacon [3mfrom[0m[2m=[0m[217, 78, 79, 237, 244, 64, 83, 37] [3mupdated[0m[2m=[0m1
[2m2026-05-29T17:18:06.749620Z[0m [34mDEBUG[0m [2mdrift::transport::mesh[0m[2m:[0m sent BEACON [3mdst[0m[2m=[0m[217, 78, 79, 237, 244, 64, 83, 37] [3mn[0m[2m=[0m30
[2m2026-05-29T17:18:07.250277Z[0m [34mDEBUG[0m [2mdrift::transport::mesh[0m[2m:[0m sent BEACON [3mdst[0m[2m=[0m[217, 78, 79, 237, 244, 64, 83, 37] [3mn[0m[2m=[0m30
[2m2026-05-29T17:18:07.683822Z[0m [34mDEBUG[0m [2mdrift::transport::mesh[0m[2m:[0m learned routes from beacon [3mfrom[0m[2m=[0m[217, 78, 79, 237, 244, 64, 83, 37] [3mupdated[0m[2m=[0m1
[2m2026-05-29T17:18:07.750415Z[0m [34mDEBUG[0m [2mdrift::transport::mesh[0m[2m:[0m sent BEACON [3mdst[0m[2m=[0m[217, 78, 79, 237, 244, 64, 83, 37] [3mn[0m[2m=[0m30
[2m2026-05-29T17:18:08.250507Z[0m [34mDEBUG[0m [2mdrift::transport::mesh[0m[2m:[0m sent BEACON [3mdst[0m[2m=[0m[217, 78, 79, 237, 244, 64, 83, 37] [3mn[0m[2m=[0m30
[2m2026-05-29T17:18:08.750325Z[0m [34mDEBUG[0m [2mdrift::transport::mesh[0m[2m:[0m sent BEACON [3mdst[0m[2m=[0m[217, 78, 79, 237, 244, 64, 83, 37] [3mn[0m[2m=[0m30
[2m2026-05-29T17:18:09.250068Z[0m [34mDEBUG[0m [2mdrift::transport::mesh[0m[2m:[0m sent BEACON [3mdst[0m[2m=[0m[217, 78, 79, 237, 244, 64, 83, 37] [3mn[0m[2m=[0m30
[2m2026-05-29T17:18:09.750855Z[0m [34mDEBUG[0m [2mdrift::transport::mesh[0m[2m:[0m sent BEACON [3mdst[0m[2m=[0m[217, 78, 79, 237, 244, 64, 83, 37] [3mn[0m[2m=[0m30
[2m2026-05-29T17:18:10.249965Z[0m [34mDEBUG[0m [2mdrift::transport::mesh[0m[2m:[0m sent BEACON [3mdst[0m[2m=[0m[217, 78, 79, 237, 244, 64, 83, 37] [3mn[0m[2m=[0m30
[2m2026-05-29T17:18:10.749928Z[0m [34mDEBUG[0m [2mdrift::transport::mesh[0m[2m:[0m sent BEACON [3mdst[0m[2m=[0m[217, 78, 79, 237, 244, 64, 83, 37] [3mn[0m[2m=[0m30
[2m2026-05-29T17:18:11.250010Z[0m [34mDEBUG[0m [2mdrift::transport::mesh[0m[2m:[0m sent BEACON [3mdst[0m[2m=[0m[217, 78, 79, 237, 244, 64, 83, 37] [3mn[0m[2m=[0m30
[2m2026-05-29T17:18:11.250281Z[0m [34mDEBUG[0m [2mdrift::transport::rtt[0m[2m:[0m rtt sample [3mpeer[0m[2m=[0m[217, 78, 79, 237, 244, 64, 83, 37] [3mrtt_us[0m[2m=[0m418
[2m2026-05-29T17:18:11.683606Z[0m [34mDEBUG[0m [2mdrift::transport::mesh[0m[2m:[0m learned routes from beacon [3mfrom[0m[2m=[0m[217, 78, 79, 237, 244, 64, 83, 37] [3mupdated[0m[2m=[0m1
[2m2026-05-29T17:18:11.750482Z[0m [34mDEBUG[0m [2mdrift::transport::mesh[0m[2m:[0m sent BEACON [3mdst[0m[2m=[0m[217, 78, 79, 237, 244, 64, 83, 37] [3mn[0m[2m=[0m30
[2m2026-05-29T17:18:12.251284Z[0m [34mDEBUG[0m [2mdrift::transport::mesh[0m[2m:[0m sent BEACON [3mdst[0m[2m=[0m[217, 78, 79, 237, 244, 64, 83, 37] [3mn[0m[2m=[0m30
[2m2026-05-29T17:18:12.750105Z[0m [34mDEBUG[0m [2mdrift::transport::mesh[0m[2m:[0m sent BEACON [3mdst[0m[2m=[0m[217, 78, 79, 237, 244, 64, 83, 37] [3mn[0m[2m=[0m30
[2m2026-05-29T17:18:13.249970Z[0m [34mDEBUG[0m [2mdrift::transport::mesh[0m[2m:[0m sent BEACON [3mdst[0m[2m=[0m[217, 78, 79, 237, 244, 64, 83, 37] [3mn[0m[2m=[0m30
[2m2026-05-29T17:18:13.749858Z[0m [34mDEBUG[0m [2mdrift::transport::mesh[0m[2m:[0m sent BEACON [3mdst[0m[2m=[0m[217, 78, 79, 237, 244, 64, 83, 37] [3mn[0m[2m=[0m30
[2m2026-05-29T17:18:14.249682Z[0m [34mDEBUG[0m [2mdrift::transport::mesh[0m[2m:[0m sent BEACON [3mdst[0m[2m=[0m[217, 78, 79, 237, 244, 64, 83, 37] [3mn[0m[2m=[0m30
[2m2026-05-29T17:18:14.749660Z[0m [34mDEBUG[0m [2mdrift::transport::mesh[0m[2m:[0m sent BEACON [3mdst[0m[2m=[0m[217, 78, 79, 237, 244, 64, 83, 37] [3mn[0m[2m=[0m30
[2m2026-05-29T17:18:15.251299Z[0m [34mDEBUG[0m [2mdrift::transport::mesh[0m[2m:[0m sent BEACON [3mdst[0m[2m=[0m[217, 78, 79, 237, 244, 64, 83, 37] [3mn[0m[2m=[0m30
[2m2026-05-29T17:18:15.750320Z[0m [34mDEBUG[0m [2mdrift::transport::mesh[0m[2m:[0m sent BEACON [3mdst[0m[2m=[0m[217, 78, 79, 237, 244, 64, 83, 37] [3mn[0m[2m=[0m30
[2m2026-05-29T17:18:16.250063Z[0m [34mDEBUG[0m [2mdrift::transport::mesh[0m[2m:[0m sent BEACON [3mdst[0m[2m=[0m[217, 78, 79, 237, 244, 64, 83, 37] [3mn[0m[2m=[0m30
[2m2026-05-29T17:18:16.250471Z[0m [34mDEBUG[0m [2mdrift::transport::rtt[0m[2m:[0m rtt sample [3mpeer[0m[2m=[0m[217, 78, 79, 237, 244, 64, 83, 37] [3mrtt_us[0m[2m=[0m645
[2m2026-05-29T17:18:16.683250Z[0m [34mDEBUG[0m [2mdrift::transport::mesh[0m[2m:[0m learned routes from beacon [3mfrom[0m[2m=[0m[217, 78, 79, 237, 244, 64, 83, 37] [3mupdated[0m[2m=[0m1
[2m2026-05-29T17:18:16.750084Z[0m [34mDEBUG[0m [2mdrift::transport::mesh[0m[2m:[0m sent BEACON [3mdst[0m[2m=[0m[217, 78, 79, 237, 244, 64, 83, 37] [3mn[0m[2m=[0m30
[2m2026-05-29T17:18:17.249722Z[0m [34mDEBUG[0m [2mdrift::transport::mesh[0m[2m:[0m sent BEACON [3mdst[0m[2m=[0m[217, 78, 79, 237, 244, 64, 83, 37] [3mn[0m[2m=[0m30
[2m2026-05-29T17:18:17.749466Z[0m [34mDEBUG[0m [2mdrift::transport::mesh[0m[2m:[0m sent BEACON [3mdst[0m[2m=[0m[217, 78, 79, 237, 244, 64, 83, 37] [3mn[0m[2m=[0m30
[2m2026-05-29T17:18:18.250555Z[0m [34mDEBUG[0m [2mdrift::transport::mesh[0m[2m:[0m sent BEACON [3mdst[0m[2m=[0m[217, 78, 79, 237, 244, 64, 83, 37] [3mn[0m[2m=[0m30
[2m2026-05-29T17:18:18.750308Z[0m [34mDEBUG[0m [2mdrift::transport::mesh[0m[2m:[0m sent BEACON [3mdst[0m[2m=[0m[217, 78, 79, 237, 244, 64, 83, 37] [3mn[0m[2m=[0m30
[2m2026-05-29T17:18:19.250915Z[0m [34mDEBUG[0m [2mdrift::transport::mesh[0m[2m:[0m sent BEACON [3mdst[0m[2m=[0m[217, 78, 79, 237, 244, 64, 83, 37] [3mn[0m[2m=[0m30
[2m2026-05-29T17:18:19.749846Z[0m [34mDEBUG[0m [2mdrift::transport::mesh[0m[2m:[0m sent BEACON [3mdst[0m[2m=[0m[217, 78, 79, 237, 244, 64, 83, 37] [3mn[0m[2m=[0m30
[2m2026-05-29T17:18:20.249603Z[0m [34mDEBUG[0m [2mdrift::transport::mesh[0m[2m:[0m sent BEACON [3mdst[0m[2m=[0m[217, 78, 79, 237, 244, 64, 83, 37] [3mn[0m[2m=[0m30
[2m2026-05-29T17:18:20.750316Z[0m [34mDEBUG[0m [2mdrift::transport::mesh[0m[2m:[0m sent BEACON [3mdst[0m[2m=[0m[217, 78, 79, 237, 244, 64, 83, 37] [3mn[0m[2m=[0m30
